RUN_STARTED=2026-06-07T01:40:56Z
RUN_REPO=/Users/studio2/exo/.worktrees/mimo-v25-pro-mtp-fastpath-single-stream-20260601
RUN_SEED=/Users/studio2/exo/.worktrees/mimo-v25-pro-mtp-fastpath-single-stream-20260601/.goose-ultrawork/seed.yaml
[2m2026-06-07T01:40:56.829976Z[0m [[32m[1minfo     [0m] [1mgoose_cli_runtime.initialized [0m [36mcli_path[0m=[35m/Users/studio2/.local/bin/goose[0m [36mcodex_profile[0m=[35mNone[0m [36mcwd[0m=[35m/Users/studio2/exo/.worktrees/mimo-v25-pro-mtp-fastpath-single-stream-20260601/.goose-ultrawork[0m [36mfilename[0m=[35mcodex_cli_runtime.py[0m [36mlineno[0m=[35m122[0m [36mmodel[0m=[35mNone[0m [36mpermission_mode[0m=[35mbypassPermissions[0m [36mruntime_profile[0m=[35mNone[0m [36mskills_dir[0m=[35mpackaged://ouroboros.goose/skills[0m
╭──────────────────────── Info ────────────────────────╮
│ Parallel mode: independent ACs will run concurrently │
╰──────────────────────────────────────────────────────╯
[2m2026-06-07T01:40:56.838012Z[0m [[32m[1minfo     [0m] [1morchestrator.session.created  [0m [36mexecution_id[0m=[35mexec_d23ffe28dc57[0m [36mfilename[0m=[35msession.py[0m [36mlineno[0m=[35m610[0m [36msession_id[0m=[35morch_bca20e52f818[0m

Analyzing AC dependencies...
Execution plan: 9 stages, parallelizable: True
  Stage 1: ACs [1]
  Stage 2: ACs [2, 4]
  Stage 3: ACs [3, 5]
  Stage 4: ACs [6]
  Stage 5: ACs [7]
  Stage 6: ACs [8]
  Stage 7: ACs [9]
  Stage 8: ACs [10]
  Stage 9: ACs [11]

Level 1/9: Executing ACs [1] in parallel
  AC 1: Analyzing complexity...
  AC 1 → Decomposed into 4 Sub-ACs (parallel)
    Starting 4 Sub-ACs concurrently...
  Sub-AC 1.1: Analyzing complexity...
  Sub-AC 1.4: Analyzing complexity...
  Sub-AC 1.2: Analyzing complexity...
  Sub-AC 1.3: Analyzing complexity...
  Sub-AC 1.2 → Decomposed into 3 Sub-ACs (parallel)
    Starting 3 Sub-ACs concurrently...
  Sub-AC 1.3 → Decomposed into 4 Sub-ACs (parallel)
    Starting 4 Sub-ACs concurrently...
  Sub-AC 1.4 → Decomposed into 4 Sub-ACs (parallel)
    Starting 4 Sub-ACs concurrently...
  Sub-AC 1.1 → Decomposed into 5 Sub-ACs (parallel)
    Starting 5 Sub-ACs concurrently...
    Sub-ACs completed: 5/5 succeeded
    Sub-ACs completed: 4/4 succeeded
    Sub-ACs completed: 4/4 succeeded
    Sub-ACs completed: 3/3 succeeded
    Sub-ACs completed: 4/4 succeeded
Level 1 complete: 1 succeeded, 0 failed

Level 2/9: Executing ACs [2, 4] in parallel
  AC 2: Analyzing complexity...
  AC 4: Analyzing complexity...
  AC 4 → Decomposed into 5 Sub-ACs (parallel)
    Starting 5 Sub-ACs concurrently...
  Sub-AC 4.2: Analyzing complexity...
  Sub-AC 4.3: Analyzing complexity...
  Sub-AC 4.4: Analyzing complexity...
  Sub-AC 4.1: Analyzing complexity...
  AC 2 → Decomposed into 4 Sub-ACs (parallel)
    Starting 4 Sub-ACs concurrently...
  Sub-AC 2.3: Analyzing complexity...
  Sub-AC 2.1: Analyzing complexity...
  Sub-AC 2.2: Analyzing complexity...
  Sub-AC 2.4: Analyzing complexity...
  Sub-AC 4.3 → Decomposed into 3 Sub-ACs (parallel)
    Starting 3 Sub-ACs concurrently...
  Sub-AC 4.4 → Decomposed into 3 Sub-ACs (parallel)
    Starting 3 Sub-ACs concurrently...
  Sub-AC 2.3 → Decomposed into 2 Sub-ACs (parallel)
    Starting 2 Sub-ACs concurrently...
  Sub-AC 4.2 → Decomposed into 2 Sub-ACs (parallel)
    Starting 2 Sub-ACs concurrently...
  Sub-AC 2.1 → Decomposed into 4 Sub-ACs (parallel)
    Starting 4 Sub-ACs concurrently...
    Sub-ACs completed: 4/4 succeeded
    Sub-ACs completed: 2/2 succeeded
    Sub-ACs completed: 4/4 succeeded
  Sub-AC 4.5: Analyzing complexity...
  Sub-AC 4.5 → Decomposed into 2 Sub-ACs (parallel)
    Starting 2 Sub-ACs concurrently...
    Sub-ACs completed: 2/2 succeeded
    Sub-ACs completed: 2/2 succeeded
